stm32f4xx_ll_cortex.h:273:22:LL_SYSTICK_EnableIT	4	static
stm32f4xx_ll_cortex.h:283:22:LL_SYSTICK_DisableIT	4	static
SystickTimer.c:21:6:SystickTimer_Interrupt	8	static
SystickTimer.c:27:6:SystickTimer_EnableInterrupt	8	static
SystickTimer.c:33:6:SystickTimer_DisableInterrpt	8	static
SystickTimer.c:39:6:SystickTimer_SetSamplingTime	16	static
SystickTimer.c:49:6:SystickTimer_IsSamplingTimeElapsed	32	static
SystickTimer.c:66:10:SystickTimer_GetTimeMS	8	static
SystickTimer.c:72:6:SystickTimer_DelayMS	16	static
SystickTimer.c:78:6:SystickTimer_IsTimeElapsed	40	static
