stm32f4xx_ll_adc.h:1826:26:LL_ADC_DMA_GetRegAddr	16	static
stm32f4xx_ll_adc.h:1984:26:LL_ADC_GetResolution	16	static
stm32f4xx_ll_adc.h:2454:22:LL_ADC_REG_SetSequencerRanks	32	static,ignoring_inline_asm
stm32f4xx_ll_adc.h:2686:22:LL_ADC_REG_SetFlagEndOfConversion	16	static
stm32f4xx_ll_adc.h:3240:22:LL_ADC_SetChannelSamplingTime	48	static,ignoring_inline_asm
stm32f4xx_ll_adc.h:3831:22:LL_ADC_Enable	16	static
stm32f4xx_ll_adc.h:3882:22:LL_ADC_REG_StartConversionSWStart	16	static
stm32f4xx_ll_adc.h:3903:22:LL_ADC_REG_StartConversionExtTrig	16	static
stm32f4xx_ll_dma.h:485:22:LL_DMA_EnableStream	16	static
stm32f4xx_ll_dma.h:505:22:LL_DMA_DisableStream	16	static
stm32f4xx_ll_dma.h:586:22:LL_DMA_SetDataTransferDirection	24	static
stm32f4xx_ll_dma.h:634:22:LL_DMA_SetMode	24	static
stm32f4xx_ll_dma.h:681:22:LL_DMA_SetPeriphIncMode	24	static
stm32f4xx_ll_dma.h:726:22:LL_DMA_SetMemoryIncMode	24	static
stm32f4xx_ll_dma.h:772:22:LL_DMA_SetPeriphSize	24	static
stm32f4xx_ll_dma.h:819:22:LL_DMA_SetMemorySize	24	static
stm32f4xx_ll_dma.h:912:22:LL_DMA_SetStreamPriorityLevel	24	static
stm32f4xx_ll_dma.h:959:22:LL_DMA_SetDataLength	24	static
stm32f4xx_ll_dma.h:1010:22:LL_DMA_SetChannelSelection	24	static
stm32f4xx_ll_dma.h:1267:22:LL_DMA_DisableFifoMode	16	static
stm32f4xx_ll_dma.h:1393:22:LL_DMA_ConfigAddresses	24	static
stm32f4xx_ll_dma.h:2577:22:LL_DMA_EnableIT_TC	16	static
stm32f4xx_ll_bus.h:411:22:LL_AHB1_GRP1_EnableClock	24	static
stm32f4xx_ll_bus.h:1706:22:LL_APB2_GRP1_EnableClock	24	static
adc.c:50:13:Adc_IsValidReadChannel	16	static
adc.c:58:13:Adc_IsValidReadSize	16	static
adc.c:73:13:Adc1_StartConvert	16	static
adc.c:90:13:Adc2_StartConvert	16	static
adc.c:110:6:MX_ADC1_Init	80	static
adc.c:174:6:MX_ADC2_Init	64	static
adc.c:258:6:Adc_StartConvert	16	static
adc.c:272:6:Adc_IsStartConvert	24	static
adc.c:288:10:Adc_GetAdcChannelValue	24	static
adc.c:300:6:Adc_GetAdcValues	24	static
adc.c:320:7:Adc_GetRateAdcChannelValue	32	static
adc.c:334:6:Adc_GetRateAdcValues	32	static
adc.c:354:10:Adc_GetResolutionValue	32	static
