core_cm4.h:1657:22:void __NVIC_SetPriorityGrouping(uint32_t)	24	static
stm32f4xx_ll_adc.h:3831:22:void LL_ADC_Enable(ADC_TypeDef*)	16	static
stm32f4xx_ll_rcc.h:2989:22:void LL_RCC_HSI_Enable()	4	static
stm32f4xx_ll_rcc.h:3009:26:uint32_t LL_RCC_HSI_IsReady()	4	static
stm32f4xx_ll_rcc.h:3035:22:void LL_RCC_HSI_SetCalibTrimming(uint32_t)	16	static
stm32f4xx_ll_rcc.h:3190:22:void LL_RCC_SetSysClkSource(uint32_t)	16	static
stm32f4xx_ll_rcc.h:3206:26:uint32_t LL_RCC_GetSysClkSource()	4	static
stm32f4xx_ll_rcc.h:3226:22:void LL_RCC_SetAHBPrescaler(uint32_t)	16	static
stm32f4xx_ll_rcc.h:3242:22:void LL_RCC_SetAPB1Prescaler(uint32_t)	16	static
stm32f4xx_ll_rcc.h:3258:22:void LL_RCC_SetAPB2Prescaler(uint32_t)	16	static
stm32f4xx_ll_rcc.h:4186:22:void LL_RCC_PLL_Enable()	4	static
stm32f4xx_ll_rcc.h:4207:26:uint32_t LL_RCC_PLL_IsReady()	4	static
stm32f4xx_ll_rcc.h:4306:22:void LL_RCC_PLL_ConfigDomain_SYS(uint32_t, uint32_t, uint32_t, uint32_t)	24	static
stm32f4xx_ll_bus.h:1187:22:void LL_APB1_GRP1_EnableClock(uint32_t)	24	static
stm32f4xx_ll_bus.h:1706:22:void LL_APB2_GRP1_EnableClock(uint32_t)	24	static
stm32f4xx_ll_system.h:1542:22:void LL_FLASH_SetLatency(uint32_t)	16	static
stm32f4xx_ll_system.h:1568:26:uint32_t LL_FLASH_GetLatency()	4	static
stm32f4xx_ll_pwr.h:507:22:void LL_PWR_SetRegulVoltageScaling(uint32_t)	16	static
stm32f4xx_ll_tim.h:1051:22:void LL_TIM_EnableCounter(TIM_TypeDef*)	16	static
stm32f4xx_ll_tim.h:3334:22:void LL_TIM_EnableIT_UPDATE(TIM_TypeDef*)	16	static
stm32f4xx_ll_gpio.h:882:22:void LL_GPIO_SetOutputPin(GPIO_TypeDef*, uint32_t)	16	static
stm32f4xx_ll_gpio.h:911:22:void LL_GPIO_ResetOutputPin(GPIO_TypeDef*, uint32_t)	16	static
Button.hpp:54:7:void Button::SetPushReverse(bool)	16	static
Button.hpp:70:11:uint32_t Button::IsPushCount()	16	static
Blink.hpp:29:10:void Blink::SetPeriod(uint32_t, float)	24	static
Blink.hpp:44:10:void Blink::SetStartState(bool)	16	static
main.cpp:82:5:int main()	384	static
main.cpp:297:6:void SystemClock_Config()	8	static
main.cpp:335:5:int __io_putchar(int)	16	static
main.cpp:346:6:void Error_Handler()	4	static,ignoring_inline_asm
