stm32f4xx_ll_dma.h:1728:26:LL_DMA_IsActiveFlag_TC0	16	static
stm32f4xx_ll_dma.h:1750:26:LL_DMA_IsActiveFlag_TC2	16	static
stm32f4xx_ll_dma.h:2168:22:LL_DMA_ClearFlag_TC0	16	static
stm32f4xx_ll_dma.h:2190:22:LL_DMA_ClearFlag_TC2	16	static
stm32f4xx_ll_tim.h:1319:26:LL_TIM_GetDirection	16	static
stm32f4xx_ll_tim.h:3063:22:LL_TIM_ClearFlag_UPDATE	16	static
stm32f4xx_ll_tim.h:3074:26:LL_TIM_IsActiveFlag_UPDATE	16	static
stm32f4xx_ll_gpio.h:853:26:LL_GPIO_IsOutputPinSet	16	static
stm32f4xx_ll_gpio.h:882:22:LL_GPIO_SetOutputPin	16	static
stm32f4xx_ll_gpio.h:911:22:LL_GPIO_ResetOutputPin	16	static
stm32f4xx_ll_gpio.h:940:22:LL_GPIO_TogglePin	16	static
stm32f4xx_it.c:83:6:NMI_Handler	4	static
stm32f4xx_it.c:98:6:HardFault_Handler	4	static
stm32f4xx_it.c:113:6:MemManage_Handler	4	static
stm32f4xx_it.c:128:6:BusFault_Handler	4	static
stm32f4xx_it.c:143:6:UsageFault_Handler	4	static
stm32f4xx_it.c:158:6:SVC_Handler	4	static
stm32f4xx_it.c:171:6:DebugMon_Handler	4	static
stm32f4xx_it.c:184:6:PendSV_Handler	4	static
stm32f4xx_it.c:197:6:SysTick_Handler	8	static
stm32f4xx_it.c:218:6:TIM2_IRQHandler	8	static
stm32f4xx_it.c:242:6:TIM3_IRQHandler	8	static
stm32f4xx_it.c:258:6:TIM5_IRQHandler	8	static
stm32f4xx_it.c:282:6:DMA2_Stream0_IRQHandler	8	static
stm32f4xx_it.c:298:6:DMA2_Stream2_IRQHandler	16	static
