core_cm4.h:1676:26:__NVIC_GetPriorityGrouping	4	static
core_cm4.h:1688:22:__NVIC_EnableIRQ	16	static
core_cm4.h:1816:22:__NVIC_SetPriority	16	static
core_cm4.h:1863:26:NVIC_EncodePriority	40	static
stm32f4xx_ll_bus.h:411:22:LL_AHB1_GRP1_EnableClock	24	static
stm32f4xx_ll_bus.h:1187:22:LL_APB1_GRP1_EnableClock	24	static
stm32f4xx_ll_bus.h:1706:22:LL_APB2_GRP1_EnableClock	24	static
stm32f4xx_ll_tim.h:1051:22:LL_TIM_EnableCounter	16	static
stm32f4xx_ll_tim.h:1062:22:LL_TIM_DisableCounter	16	static
stm32f4xx_ll_tim.h:1073:26:LL_TIM_IsEnabledCounter	16	static
stm32f4xx_ll_tim.h:1222:22:LL_TIM_EnableARRPreload	16	static
stm32f4xx_ll_tim.h:1233:22:LL_TIM_DisableARRPreload	16	static
stm32f4xx_ll_tim.h:1375:26:LL_TIM_GetAutoReload	16	static
stm32f4xx_ll_tim.h:1525:22:LL_TIM_CC_EnableChannel	16	static
stm32f4xx_ll_tim.h:1550:22:LL_TIM_CC_DisableChannel	16	static
stm32f4xx_ll_tim.h:1575:26:LL_TIM_CC_IsEnabledChannel	16	static
stm32f4xx_ll_tim.h:1838:22:LL_TIM_OC_DisableFast	24	static
stm32f4xx_ll_tim.h:1882:22:LL_TIM_OC_EnablePreload	24	static
stm32f4xx_ll_tim.h:2032:22:LL_TIM_OC_SetCompareCH1	16	static
stm32f4xx_ll_tim.h:2049:22:LL_TIM_OC_SetCompareCH2	16	static
stm32f4xx_ll_tim.h:2066:22:LL_TIM_OC_SetCompareCH3	16	static
stm32f4xx_ll_tim.h:2083:22:LL_TIM_OC_SetCompareCH4	16	static
stm32f4xx_ll_tim.h:2222:22:LL_TIM_IC_SetActiveInput	32	static
stm32f4xx_ll_tim.h:2272:22:LL_TIM_IC_SetPrescaler	32	static
stm32f4xx_ll_tim.h:2335:22:LL_TIM_IC_SetFilter	32	static
stm32f4xx_ll_tim.h:2401:22:LL_TIM_IC_SetPolarity	24	static
stm32f4xx_ll_tim.h:2605:22:LL_TIM_SetClockSource	16	static
stm32f4xx_ll_tim.h:2622:22:LL_TIM_SetEncoderMode	16	static
stm32f4xx_ll_tim.h:2651:22:LL_TIM_SetTriggerOutput	16	static
stm32f4xx_ll_tim.h:2717:22:LL_TIM_DisableMasterSlaveMode	16	static
stm32f4xx_ll_tim.h:2906:22:LL_TIM_EnableAllOutputs	16	static
stm32f4xx_ll_tim.h:2921:22:LL_TIM_DisableAllOutputs	16	static
tim.c:28:6:MX_TIM1_Init	112	static
tim.c:87:6:MX_TIM2_Init	56	static
tim.c:142:6:MX_TIM3_Init	32	static
tim.c:165:6:MX_TIM5_Init	56	static
tim.c:212:6:TIM_StartPWM	16	static
tim.c:224:6:TIM_StopPWM	16	static
tim.c:237:6:TIM_SetPWMDuty	32	static
