ICM_20602.hpp:179:10:int16_t ICM_20602::ConvertHLDataTo16Bits(uint8_t, uint8_t)	16	static
ICM_20602.hpp:183:8:float ICM_20602::ConvertRawDataToFloat(int16_t, float)	24	static
stm32f4xx_ll_gpio.h:882:22:void LL_GPIO_SetOutputPin(GPIO_TypeDef*, uint32_t)	16	static
stm32f4xx_ll_gpio.h:911:22:void LL_GPIO_ResetOutputPin(GPIO_TypeDef*, uint32_t)	16	static
stm32f4xx_ll_spi.h:298:22:void LL_SPI_Enable(SPI_TypeDef*)	16	static
stm32f4xx_ll_spi.h:310:22:void LL_SPI_Disable(SPI_TypeDef*)	16	static
stm32f4xx_ll_spi.h:732:26:uint32_t LL_SPI_IsActiveFlag_RXNE(SPI_TypeDef*)	16	static
stm32f4xx_ll_spi.h:743:26:uint32_t LL_SPI_IsActiveFlag_TXE(SPI_TypeDef*)	16	static
stm32f4xx_ll_spi.h:1076:25:uint8_t LL_SPI_ReceiveData8(SPI_TypeDef*)	16	static
stm32f4xx_ll_spi.h:1099:22:void LL_SPI_TransmitData8(SPI_TypeDef*, uint8_t)	24	static
ICM_20602.cpp:49:1:ICM_20602::ICM_20602(ICM_20602::CommMode_t)	16	static
ICM_20602.cpp:79:1:ICM_20602::~ICM_20602()	16	static
ICM_20602.cpp:84:6:bool ICM_20602::SetSPIPort(SPI_TypeDef*, GPIO_TypeDef*, uint32_t)	24	static
ICM_20602.cpp:107:6:bool ICM_20602::SetI2CPort(I2C_TypeDef*)	16	static
ICM_20602.cpp:121:6:bool ICM_20602::SetINTPort(GPIO_TypeDef*, uint32_t)	24	static
ICM_20602.cpp:126:6:void ICM_20602::Setup()	16	static
ICM_20602.cpp:159:6:void ICM_20602::StartGyroOffestCalc(uint32_t, bool, bool, bool)	32	static
ICM_20602.cpp:175:6:bool ICM_20602::IsGyroOffsetCompleted()	24	static
ICM_20602.cpp:185:6:bool ICM_20602::IsConnected()	16	static
ICM_20602.cpp:189:6:void ICM_20602::Update()	32	static
ICM_20602.cpp:242:27:const ICM_20602::Coord_t& ICM_20602::GetGyroDPS()	16	static
ICM_20602.cpp:246:27:const ICM_20602::Coord_t& ICM_20602::GetGyroRPS()	16	static
ICM_20602.cpp:250:27:const ICM_20602::Coord_t& ICM_20602::GetAccelG()	16	static
ICM_20602.cpp:254:29:const ICM_20602::RawData_t& ICM_20602::GetGyroRawData()	16	static
ICM_20602.cpp:258:29:const ICM_20602::RawData_t& ICM_20602::GetAccelRawData()	16	static
ICM_20602.cpp:264:6:void ICM_20602::SetGyroFullScale(ICM_20602::GyroFullScaleMode_t)	16	static
ICM_20602.cpp:280:6:void ICM_20602::SetAccelFullScale(ICM_20602::AccelFullScaleMode_t)	16	static
ICM_20602.cpp:301:6:void ICM_20602::CalcGyroOffset()	16	static
ICM_20602.cpp:307:6:void ICM_20602::ScaleConvert()	16	static
ICM_20602.cpp:319:6:void ICM_20602::SetGyroConfig()	16	static
ICM_20602.cpp:325:6:void ICM_20602::SetAccelConfig()	16	static
ICM_20602.cpp:331:6:void ICM_20602::SetAccelConfig2()	16	static
ICM_20602.cpp:337:6:void ICM_20602::WriteRegister(ICM_20602::RegisterAddress_t, uint8_t)	24	static
ICM_20602.cpp:353:6:void ICM_20602::WriteRegister(ICM_20602::RegisterAddress_t, uint8_t*, uint16_t)	32	static
ICM_20602.cpp:370:9:uint8_t ICM_20602::ReadRegister(ICM_20602::RegisterAddress_t)	32	static
ICM_20602.cpp:388:6:void ICM_20602::ReadRegister(ICM_20602::RegisterAddress_t, uint8_t*, uint16_t)	32	static
ICM_20602.cpp:407:6:void ICM_20602::CommunicateSPIMode(ICM_20602::RW_Mode_t, ICM_20602::RegisterAddress_t, uint8_t*, uint8_t*, uint16_t)	40	static
ICM_20602.cpp:462:6:void ICM_20602::CommunicateI2CMode(ICM_20602::RW_Mode_t, ICM_20602::RegisterAddress_t, uint8_t*, uint8_t*, uint16_t)	24	static
