core_cm4.h:1657:22:void __NVIC_SetPriorityGrouping(uint32_t)	24	static
stm32f4xx_ll_rcc.h:2989:22:void LL_RCC_HSI_Enable()	4	static
stm32f4xx_ll_rcc.h:3009:26:uint32_t LL_RCC_HSI_IsReady()	4	static
stm32f4xx_ll_rcc.h:3035:22:void LL_RCC_HSI_SetCalibTrimming(uint32_t)	16	static
stm32f4xx_ll_rcc.h:3190:22:void LL_RCC_SetSysClkSource(uint32_t)	16	static
stm32f4xx_ll_rcc.h:3206:26:uint32_t LL_RCC_GetSysClkSource()	4	static
stm32f4xx_ll_rcc.h:3226:22:void LL_RCC_SetAHBPrescaler(uint32_t)	16	static
stm32f4xx_ll_rcc.h:3242:22:void LL_RCC_SetAPB1Prescaler(uint32_t)	16	static
stm32f4xx_ll_rcc.h:3258:22:void LL_RCC_SetAPB2Prescaler(uint32_t)	16	static
stm32f4xx_ll_rcc.h:4155:22:void LL_RCC_SetTIMPrescaler(uint32_t)	16	static
stm32f4xx_ll_rcc.h:4186:22:void LL_RCC_PLL_Enable()	4	static
stm32f4xx_ll_rcc.h:4207:26:uint32_t LL_RCC_PLL_IsReady()	4	static
stm32f4xx_ll_rcc.h:4306:22:void LL_RCC_PLL_ConfigDomain_SYS(uint32_t, uint32_t, uint32_t, uint32_t)	24	static
stm32f4xx_ll_bus.h:1187:22:void LL_APB1_GRP1_EnableClock(uint32_t)	24	static
stm32f4xx_ll_bus.h:1706:22:void LL_APB2_GRP1_EnableClock(uint32_t)	24	static
stm32f4xx_ll_system.h:1542:22:void LL_FLASH_SetLatency(uint32_t)	16	static
stm32f4xx_ll_system.h:1568:26:uint32_t LL_FLASH_GetLatency()	4	static
stm32f4xx_ll_pwr.h:345:22:void LL_PWR_EnableOverDriveMode()	4	static
stm32f4xx_ll_pwr.h:507:22:void LL_PWR_SetRegulVoltageScaling(uint32_t)	16	static
stm32f4xx_ll_gpio.h:940:22:void LL_GPIO_TogglePin(GPIO_TypeDef*, uint32_t)	16	static
main.cpp:78:5:int main()	48	static
main.cpp:157:6:void SystemClock_Config()	8	static
main.cpp:197:6:void __io_putchar(uint8_t)	16	static
main.cpp:207:6:void Error_Handler()	4	static,ignoring_inline_asm
